[INFO] Loaded directional border events: 4 from /home/lunet/cokt2/uncertainty/expanda/data/border_crossing_events.csv
[INFO] Loaded carbon tax for 5 regions.
[INFO] Loaded emission factors for 15 (mode, region) pairs.
[INFO] Loaded mode speeds: {'road': 60.0, 'rail': 120.0, 'water': 35.0}
[INFO] Effective mode speeds (CLI override > workbook Mode_Speeds > hardcoded fallback): {'rail': (120.0, 'workbook_mode_speeds'), 'road': (60.0, 'workbook_mode_speeds'), 'water': (35.0, 'workbook_mode_speeds')}
[INFO] Loaded transshipment entries: 140
[INFO] Loaded border delay map (per-mode +customs): 93 entries.
[INFO] Loaded carbon tax applicability: 8 entries.
[INFO] Loaded border capacity: 31 nodes | background flow: 8 nodes.
[INFO] Active break-of-gauge capacities: {'Zabaykalsk': 700.0, 'Khorgos': 900.0, 'Manzhouli': 900.0, 'Altynkol': 700.0, 'Erenhot': 900.0, 'Alashankou': 900.0, 'Brest': 600.0, 'Malaszewicze': 500.0, 'Dostyk': 800.0}
[INFO] Active break-of-gauge background flow: {'Zabaykalsk': 350.0, 'Khorgos': 500.0, 'Manzhouli': 450.0, 'Altynkol': 350.0, 'Erenhot': 450.0, 'Alashankou': 500.0, 'Brest': 350.0, 'Dostyk': 450.0}
[INFO] Loaded China border nodes (7): ['Alashankou', 'Chongqing', 'Erenhot', 'Khorgos', 'Lianyungang', 'Manzhouli', 'Yiwu']
[INFO] Loaded waiting params: cost=0.8, emission=0.0
[INFO] Timetable loaded: 168 scheduled services; using frequency, first departure and headway for induced waiting.
[WARN] Timetable.time is loaded only as legacy metadata: its unit is undocumented (observed values=[300.0, 355.0, 415.0, 518.0]); it is not used as arc travel hours. Running time follows distance / documented mode speed.
[INFO] Batches loaded: 40
[INFO] All paths pass border monotonicity. ✅
[SANITY] ✅ All batches have paths.
[STAGE A] scenario 1/200 fitness=realised_single_scenario(Cost,Emission,Time); EV/CCP reduction disabled
[FEAS-INIT] Structurally feasible single-path options per batch: min=18  median=31.0  max=39
[FEAS-INIT] Capacity-aware seeds=90  zero-excess=90  fully-feasible-after-evaluation=90

========================================================================
  [NSGA-II] Gen 000/499  |  2.2s elapsed
  Pop feasible: 128/300 (42.7%)  |  NonDom=9  |  BestPenalty=0.00e+00  |  BestNormVio=0
  Best feasible: Cost=1.391e+07↓ Emis=1.406e+10↓ Time=472.3h↓
========================================================================

========================================================================
  [NSGA-II] Gen 001/499  |  4.2s elapsed
  Pop feasible: 199/300 (66.3%)  |  NonDom=6  |  BestPenalty=0.00e+00  |  BestNormVio=0
  Best feasible: Cost=1.339e+07↓ Emis=1.259e+10↓ Time=472.3h→
========================================================================

========================================================================
  [NSGA-II] Gen 002/499  |  6.2s elapsed
  Pop feasible: 292/300 (97.3%)  |  NonDom=7  |  BestPenalty=0.00e+00  |  BestNormVio=0
  Best feasible: Cost=1.339e+07→ Emis=1.259e+10→ Time=450.7h↓
========================================================================

========================================================================
  [NSGA-II] Gen 003/499  |  8.1s elapsed
  Pop feasible: 300/300 (100.0%)  |  NonDom=7  |  BestPenalty=0.00e+00  |  BestNormVio=0
  Best feasible: Cost=1.339e+07→ Emis=1.259e+10→ Time=450.7h→
========================================================================

========================================================================
  [NSGA-II] Gen 004/499  |  10.1s elapsed
  Pop feasible: 300/300 (100.0%)  |  NonDom=7  |  BestPenalty=0.00e+00  |  BestNormVio=0
  Best feasible: Cost=1.339e+07→ Emis=1.259e+10→ Time=450.7h→
========================================================================

========================================================================
  [NSGA-II] Gen 005/499  |  12.2s elapsed
  Pop feasible: 300/300 (100.0%)  |  NonDom=9  |  BestPenalty=0.00e+00  |  BestNormVio=0
  Best feasible: Cost=1.276e+07↓ Emis=1.114e+10↓ Time=450.7h→
========================================================================

========================================================================
  [NSGA-II] Gen 006/499  |  14.3s elapsed
  Pop feasible: 300/300 (100.0%)  |  NonDom=11  |  BestPenalty=0.00e+00  |  BestNormVio=0
  Best feasible: Cost=1.276e+07→ Emis=1.114e+10→ Time=450.7h→
========================================================================

========================================================================
  [NSGA-II] Gen 007/499  |  16.3s elapsed
  Pop feasible: 300/300 (100.0%)  |  NonDom=11  |  BestPenalty=0.00e+00  |  BestNormVio=0
  Best feasible: Cost=1.270e+07↓ Emis=1.114e+10→ Time=450.7h→
========================================================================

========================================================================
  [NSGA-II] Gen 008/499  |  18.3s elapsed
  Pop feasible: 300/300 (100.0%)  |  NonDom=13  |  BestPenalty=0.00e+00  |  BestNormVio=0
  Best feasible: Cost=1.270e+07→ Emis=1.114e+10→ Time=443.4h↓
========================================================================

========================================================================
  [NSGA-II] Gen 009/499  |  20.3s elapsed
  Pop feasible: 300/300 (100.0%)  |  NonDom=13  |  BestPenalty=0.00e+00  |  BestNormVio=0
  Best feasible: Cost=1.270e+07→ Emis=1.114e+10→ Time=437.5h↓
========================================================================

========================================================================
  [NSGA-II] Gen 010/499  |  22.4s elapsed
  Pop feasible: 300/300 (100.0%)  |  NonDom=12  |  BestPenalty=0.00e+00  |  BestNormVio=0
  Best feasible: Cost=1.270e+07→ Emis=1.099e+10↓ Time=437.5h→
========================================================================

========================================================================
  [NSGA-II] Gen 011/499  |  24.4s elapsed
  Pop feasible: 300/300 (100.0%)  |  NonDom=11  |  BestPenalty=0.00e+00  |  BestNormVio=0
  Best feasible: Cost=1.268e+07↓ Emis=1.099e+10→ Time=437.5h→
========================================================================

========================================================================
  [NSGA-II] Gen 012/499  |  26.5s elapsed
  Pop feasible: 300/300 (100.0%)  |  NonDom=13  |  BestPenalty=0.00e+00  |  BestNormVio=0
  Best feasible: Cost=1.268e+07→ Emis=1.091e+10↓ Time=437.0h↓
========================================================================

========================================================================
  [NSGA-II] Gen 013/499  |  28.6s elapsed
  Pop feasible: 300/300 (100.0%)  |  NonDom=14  |  BestPenalty=0.00e+00  |  BestNormVio=0
  Best feasible: Cost=1.266e+07↓ Emis=1.091e+10→ Time=437.0h→
========================================================================

========================================================================
  [NSGA-II] Gen 014/499  |  30.6s elapsed
  Pop feasible: 300/300 (100.0%)  |  NonDom=16  |  BestPenalty=0.00e+00  |  BestNormVio=0
  Best feasible: Cost=1.255e+07↓ Emis=1.091e+10→ Time=437.0h→
========================================================================

========================================================================
  [NSGA-II] Gen 015/499  |  32.7s elapsed
  Pop feasible: 300/300 (100.0%)  |  NonDom=11  |  BestPenalty=0.00e+00  |  BestNormVio=0
  Best feasible: Cost=1.253e+07↓ Emis=1.090e+10↓ Time=437.0h→
========================================================================

========================================================================
  [NSGA-II] Gen 016/499  |  34.6s elapsed
  Pop feasible: 300/300 (100.0%)  |  NonDom=18  |  BestPenalty=0.00e+00  |  BestNormVio=0
  Best feasible: Cost=1.245e+07↓ Emis=1.071e+10↓ Time=432.1h↓
========================================================================

========================================================================
  [NSGA-II] Gen 017/499  |  36.7s elapsed
  Pop feasible: 300/300 (100.0%)  |  NonDom=19  |  BestPenalty=0.00e+00  |  BestNormVio=0
  Best feasible: Cost=1.245e+07→ Emis=1.061e+10↓ Time=432.1h→
========================================================================

========================================================================
  [NSGA-II] Gen 018/499  |  38.7s elapsed
  Pop feasible: 300/300 (100.0%)  |  NonDom=16  |  BestPenalty=0.00e+00  |  BestNormVio=0
  Best feasible: Cost=1.239e+07↓ Emis=1.036e+10↓ Time=430.3h↓
========================================================================

========================================================================
  [NSGA-II] Gen 019/499  |  40.7s elapsed
  Pop feasible: 300/300 (100.0%)  |  NonDom=10  |  BestPenalty=0.00e+00  |  BestNormVio=0
  Best feasible: Cost=1.235e+07↓ Emis=1.031e+10↓ Time=430.3h→
========================================================================

========================================================================
  [NSGA-II] Gen 020/499  |  42.8s elapsed
  Pop feasible: 300/300 (100.0%)  |  NonDom=10  |  BestPenalty=0.00e+00  |  BestNormVio=0
  Best feasible: Cost=1.231e+07↓ Emis=1.025e+10↓ Time=430.3h→
========================================================================

========================================================================
  [NSGA-II] Gen 021/499  |  44.9s elapsed
  Pop feasible: 300/300 (100.0%)  |  NonDom=14  |  BestPenalty=0.00e+00  |  BestNormVio=0
  Best feasible: Cost=1.229e+07↓ Emis=1.025e+10→ Time=430.3h→
========================================================================

========================================================================
  [NSGA-II] Gen 022/499  |  47.0s elapsed
  Pop feasible: 300/300 (100.0%)  |  NonDom=20  |  BestPenalty=0.00e+00  |  BestNormVio=0
  Best feasible: Cost=1.222e+07↓ Emis=1.018e+10↓ Time=430.3h→
========================================================================

========================================================================
  [NSGA-II] Gen 023/499  |  49.0s elapsed
  Pop feasible: 300/300 (100.0%)  |  NonDom=21  |  BestPenalty=0.00e+00  |  BestNormVio=0
  Best feasible: Cost=1.219e+07↓ Emis=1.010e+10↓ Time=430.3h→
========================================================================

========================================================================
  [NSGA-II] Gen 024/499  |  51.0s elapsed
  Pop feasible: 300/300 (100.0%)  |  NonDom=20  |  BestPenalty=0.00e+00  |  BestNormVio=0
  Best feasible: Cost=1.215e+07↓ Emis=1.010e+10→ Time=430.3h→
========================================================================

========================================================================
  [NSGA-II] Gen 025/499  |  52.9s elapsed
  Pop feasible: 300/300 (100.0%)  |  NonDom=24  |  BestPenalty=0.00e+00  |  BestNormVio=0
  Best feasible: Cost=1.215e+07→ Emis=1.010e+10→ Time=430.3h→
========================================================================

========================================================================
  [NSGA-II] Gen 026/499  |  55.0s elapsed
  Pop feasible: 300/300 (100.0%)  |  NonDom=20  |  BestPenalty=0.00e+00  |  BestNormVio=0
  Best feasible: Cost=1.215e+07→ Emis=1.006e+10↓ Time=430.3h→
========================================================================

========================================================================
  [NSGA-II] Gen 027/499  |  57.0s elapsed
  Pop feasible: 300/300 (100.0%)  |  NonDom=14  |  BestPenalty=0.00e+00  |  BestNormVio=0
  Best feasible: Cost=1.204e+07↓ Emis=1.002e+10↓ Time=430.3h→
========================================================================

========================================================================
  [NSGA-II] Gen 028/499  |  59.1s elapsed
  Pop feasible: 300/300 (100.0%)  |  NonDom=20  |  BestPenalty=0.00e+00  |  BestNormVio=0
  Best feasible: Cost=1.202e+07↓ Emis=1.002e+10→ Time=430.3h→
========================================================================

========================================================================
  [NSGA-II] Gen 029/499  |  61.0s elapsed
  Pop feasible: 300/300 (100.0%)  |  NonDom=14  |  BestPenalty=0.00e+00  |  BestNormVio=0
  Best feasible: Cost=1.202e+07→ Emis=9.957e+09↓ Time=430.3h→
========================================================================

========================================================================
  [NSGA-II] Gen 030/499  |  63.1s elapsed
  Pop feasible: 300/300 (100.0%)  |  NonDom=11  |  BestPenalty=0.00e+00  |  BestNormVio=0
  Best feasible: Cost=1.201e+07↓ Emis=9.938e+09↓ Time=430.3h→
========================================================================

========================================================================
  [NSGA-II] Gen 031/499  |  65.1s elapsed
  Pop feasible: 300/300 (100.0%)  |  NonDom=15  |  BestPenalty=0.00e+00  |  BestNormVio=0
  Best feasible: Cost=1.196e+07↓ Emis=9.928e+09↓ Time=430.3h→
========================================================================

========================================================================
  [NSGA-II] Gen 032/499  |  67.1s elapsed
  Pop feasible: 300/300 (100.0%)  |  NonDom=15  |  BestPenalty=0.00e+00  |  BestNormVio=0
  Best feasible: Cost=1.196e+07→ Emis=9.854e+09↓ Time=430.3h→
========================================================================

========================================================================
  [NSGA-II] Gen 033/499  |  69.2s elapsed
  Pop feasible: 300/300 (100.0%)  |  NonDom=23  |  BestPenalty=0.00e+00  |  BestNormVio=0
  Best feasible: Cost=1.194e+07↓ Emis=9.854e+09→ Time=430.3h→
========================================================================

========================================================================
  [NSGA-II] Gen 034/499  |  71.2s elapsed
  Pop feasible: 300/300 (100.0%)  |  NonDom=17  |  BestPenalty=0.00e+00  |  BestNormVio=0
  Best feasible: Cost=1.194e+07↓ Emis=9.787e+09↓ Time=430.3h→
========================================================================

========================================================================
  [NSGA-II] Gen 035/499  |  73.3s elapsed
  Pop feasible: 300/300 (100.0%)  |  NonDom=24  |  BestPenalty=0.00e+00  |  BestNormVio=0
  Best feasible: Cost=1.192e+07↓ Emis=9.787e+09→ Time=430.3h→
========================================================================

========================================================================
  [NSGA-II] Gen 036/499  |  75.2s elapsed
  Pop feasible: 300/300 (100.0%)  |  NonDom=27  |  BestPenalty=0.00e+00  |  BestNormVio=0
  Best feasible: Cost=1.190e+07↓ Emis=9.787e+09→ Time=430.3h→
========================================================================

========================================================================
  [NSGA-II] Gen 037/499  |  77.2s elapsed
  Pop feasible: 300/300 (100.0%)  |  NonDom=26  |  BestPenalty=0.00e+00  |  BestNormVio=0
  Best feasible: Cost=1.190e+07→ Emis=9.772e+09↓ Time=430.3h→
========================================================================

========================================================================
  [NSGA-II] Gen 038/499  |  79.2s elapsed
  Pop feasible: 300/300 (100.0%)  |  NonDom=17  |  BestPenalty=0.00e+00  |  BestNormVio=0
  Best feasible: Cost=1.189e+07↓ Emis=9.725e+09↓ Time=430.3h→
========================================================================

========================================================================
  [NSGA-II] Gen 039/499  |  81.3s elapsed
  Pop feasible: 300/300 (100.0%)  |  NonDom=15  |  BestPenalty=0.00e+00  |  BestNormVio=0
  Best feasible: Cost=1.184e+07↓ Emis=9.707e+09↓ Time=430.3h→
========================================================================

========================================================================
  [NSGA-II] Gen 040/499  |  83.3s elapsed
  Pop feasible: 300/300 (100.0%)  |  NonDom=8  |  BestPenalty=0.00e+00  |  BestNormVio=0
  Best feasible: Cost=1.184e+07→ Emis=9.693e+09↓ Time=430.3h→
========================================================================

========================================================================
  [NSGA-II] Gen 041/499  |  85.3s elapsed
  Pop feasible: 300/300 (100.0%)  |  NonDom=9  |  BestPenalty=0.00e+00  |  BestNormVio=0
  Best feasible: Cost=1.184e+07→ Emis=9.646e+09↓ Time=430.3h→
========================================================================

========================================================================
  [NSGA-II] Gen 042/499  |  87.3s elapsed
  Pop feasible: 300/300 (100.0%)  |  NonDom=12  |  BestPenalty=0.00e+00  |  BestNormVio=0
  Best feasible: Cost=1.183e+07↓ Emis=9.646e+09→ Time=430.3h→
========================================================================

========================================================================
  [NSGA-II] Gen 043/499  |  89.2s elapsed
  Pop feasible: 300/300 (100.0%)  |  NonDom=11  |  BestPenalty=0.00e+00  |  BestNormVio=0
  Best feasible: Cost=1.183e+07↓ Emis=9.646e+09→ Time=430.3h→
========================================================================

========================================================================
  [NSGA-II] Gen 044/499  |  91.2s elapsed
  Pop feasible: 300/300 (100.0%)  |  NonDom=9  |  BestPenalty=0.00e+00  |  BestNormVio=0
  Best feasible: Cost=1.179e+07↓ Emis=9.615e+09↓ Time=430.3h→
========================================================================

========================================================================
  [NSGA-II] Gen 045/499  |  93.2s elapsed
  Pop feasible: 300/300 (100.0%)  |  NonDom=12  |  BestPenalty=0.00e+00  |  BestNormVio=0
  Best feasible: Cost=1.179e+07→ Emis=9.609e+09↓ Time=430.3h→
========================================================================

========================================================================
  [NSGA-II] Gen 046/499  |  95.2s elapsed
  Pop feasible: 300/300 (100.0%)  |  NonDom=11  |  BestPenalty=0.00e+00  |  BestNormVio=0
  Best feasible: Cost=1.178e+07↓ Emis=9.589e+09↓ Time=430.3h→
========================================================================

========================================================================
  [NSGA-II] Gen 047/499  |  97.2s elapsed
  Pop feasible: 300/300 (100.0%)  |  NonDom=9  |  BestPenalty=0.00e+00  |  BestNormVio=0
  Best feasible: Cost=1.178e+07→ Emis=9.583e+09↓ Time=430.3h→
========================================================================

========================================================================
  [NSGA-II] Gen 048/499  |  99.1s elapsed
  Pop feasible: 300/300 (100.0%)  |  NonDom=13  |  BestPenalty=0.00e+00  |  BestNormVio=0
  Best feasible: Cost=1.177e+07↓ Emis=9.583e+09→ Time=430.3h→
========================================================================

========================================================================
  [NSGA-II] Gen 049/499  |  101.1s elapsed
  Pop feasible: 300/300 (100.0%)  |  NonDom=13  |  BestPenalty=0.00e+00  |  BestNormVio=0
  Best feasible: Cost=1.176e+07↓ Emis=9.578e+09↓ Time=430.3h→
========================================================================

========================================================================
  [NSGA-II] Gen 050/499  |  103.1s elapsed
  Pop feasible: 300/300 (100.0%)  |  NonDom=15  |  BestPenalty=0.00e+00  |  BestNormVio=0
  Best feasible: Cost=1.172e+07↓ Emis=9.569e+09↓ Time=430.3h→
========================================================================

========================================================================
  [NSGA-II] Gen 051/499  |  105.0s elapsed
  Pop feasible: 300/300 (100.0%)  |  NonDom=15  |  BestPenalty=0.00e+00  |  BestNormVio=0
  Best feasible: Cost=1.171e+07↓ Emis=9.537e+09↓ Time=430.3h→
========================================================================

========================================================================
  [NSGA-II] Gen 052/499  |  107.0s elapsed
  Pop feasible: 300/300 (100.0%)  |  NonDom=9  |  BestPenalty=0.00e+00  |  BestNormVio=0
  Best feasible: Cost=1.171e+07→ Emis=9.537e+09→ Time=430.3h→
========================================================================

========================================================================
  [NSGA-II] Gen 053/499  |  109.0s elapsed
  Pop feasible: 300/300 (100.0%)  |  NonDom=14  |  BestPenalty=0.00e+00  |  BestNormVio=0
  Best feasible: Cost=1.171e+07→ Emis=9.537e+09→ Time=430.3h→
========================================================================

========================================================================
  [NSGA-II] Gen 054/499  |  111.0s elapsed
  Pop feasible: 300/300 (100.0%)  |  NonDom=12  |  BestPenalty=0.00e+00  |  BestNormVio=0
  Best feasible: Cost=1.169e+07↓ Emis=9.534e+09↓ Time=430.3h→
========================================================================

========================================================================
  [NSGA-II] Gen 055/499  |  113.0s elapsed
  Pop feasible: 300/300 (100.0%)  |  NonDom=11  |  BestPenalty=0.00e+00  |  BestNormVio=0
  Best feasible: Cost=1.169e+07→ Emis=9.526e+09↓ Time=430.3h→
========================================================================

========================================================================
  [NSGA-II] Gen 056/499  |  114.9s elapsed
  Pop feasible: 300/300 (100.0%)  |  NonDom=22  |  BestPenalty=0.00e+00  |  BestNormVio=0
  Best feasible: Cost=1.169e+07→ Emis=9.526e+09→ Time=430.3h→
========================================================================

========================================================================
  [NSGA-II] Gen 057/499  |  116.9s elapsed
  Pop feasible: 300/300 (100.0%)  |  NonDom=21  |  BestPenalty=0.00e+00  |  BestNormVio=0
  Best feasible: Cost=1.169e+07↓ Emis=9.506e+09↓ Time=430.3h→
========================================================================

========================================================================
  [NSGA-II] Gen 058/499  |  118.8s elapsed
  Pop feasible: 300/300 (100.0%)  |  NonDom=23  |  BestPenalty=0.00e+00  |  BestNormVio=0
  Best feasible: Cost=1.169e+07→ Emis=9.506e+09→ Time=430.3h→
========================================================================

========================================================================
  [NSGA-II] Gen 059/499  |  120.8s elapsed
  Pop feasible: 300/300 (100.0%)  |  NonDom=26  |  BestPenalty=0.00e+00  |  BestNormVio=0
  Best feasible: Cost=1.168e+07↓ Emis=9.505e+09↓ Time=430.3h→
========================================================================

========================================================================
  [NSGA-II] Gen 060/499  |  122.8s elapsed
  Pop feasible: 300/300 (100.0%)  |  NonDom=34  |  BestPenalty=0.00e+00  |  BestNormVio=0
  Best feasible: Cost=1.168e+07→ Emis=9.503e+09↓ Time=430.3h→
========================================================================

========================================================================
  [NSGA-II] Gen 061/499  |  124.8s elapsed
  Pop feasible: 300/300 (100.0%)  |  NonDom=33  |  BestPenalty=0.00e+00  |  BestNormVio=0
  Best feasible: Cost=1.168e+07↓ Emis=9.503e+09→ Time=430.3h→
========================================================================

========================================================================
  [NSGA-II] Gen 062/499  |  126.9s elapsed
  Pop feasible: 300/300 (100.0%)  |  NonDom=23  |  BestPenalty=0.00e+00  |  BestNormVio=0
  Best feasible: Cost=1.167e+07↓ Emis=9.500e+09↓ Time=428.2h↓
========================================================================

========================================================================
  [NSGA-II] Gen 063/499  |  128.9s elapsed
  Pop feasible: 300/300 (100.0%)  |  NonDom=21  |  BestPenalty=0.00e+00  |  BestNormVio=0
  Best feasible: Cost=1.167e+07↓ Emis=9.494e+09↓ Time=428.2h→
========================================================================

========================================================================
  [NSGA-II] Gen 064/499  |  130.9s elapsed
  Pop feasible: 300/300 (100.0%)  |  NonDom=30  |  BestPenalty=0.00e+00  |  BestNormVio=0
  Best feasible: Cost=1.167e+07↓ Emis=9.494e+09→ Time=428.2h→
========================================================================

========================================================================
  [NSGA-II] Gen 065/499  |  132.9s elapsed
  Pop feasible: 300/300 (100.0%)  |  NonDom=29  |  BestPenalty=0.00e+00  |  BestNormVio=0
  Best feasible: Cost=1.167e+07→ Emis=9.494e+09→ Time=428.2h→
========================================================================

========================================================================
  [NSGA-II] Gen 066/499  |  134.9s elapsed
  Pop feasible: 300/300 (100.0%)  |  NonDom=33  |  BestPenalty=0.00e+00  |  BestNormVio=0
  Best feasible: Cost=1.166e+07↓ Emis=9.494e+09→ Time=428.2h→
========================================================================

========================================================================
  [NSGA-II] Gen 067/499  |  136.9s elapsed
  Pop feasible: 300/300 (100.0%)  |  NonDom=34  |  BestPenalty=0.00e+00  |  BestNormVio=0
  Best feasible: Cost=1.166e+07↓ Emis=9.494e+09→ Time=428.2h→
========================================================================

========================================================================
  [NSGA-II] Gen 068/499  |  138.9s elapsed
  Pop feasible: 300/300 (100.0%)  |  NonDom=46  |  BestPenalty=0.00e+00  |  BestNormVio=0
  Best feasible: Cost=1.166e+07↓ Emis=9.492e+09↓ Time=428.2h→
========================================================================

========================================================================
  [NSGA-II] Gen 069/499  |  140.9s elapsed
  Pop feasible: 300/300 (100.0%)  |  NonDom=41  |  BestPenalty=0.00e+00  |  BestNormVio=0
  Best feasible: Cost=1.166e+07→ Emis=9.483e+09↓ Time=428.2h→
========================================================================

========================================================================
  [NSGA-II] Gen 070/499  |  142.9s elapsed
  Pop feasible: 300/300 (100.0%)  |  NonDom=49  |  BestPenalty=0.00e+00  |  BestNormVio=0
  Best feasible: Cost=1.166e+07→ Emis=9.475e+09↓ Time=428.2h→
========================================================================

========================================================================
  [NSGA-II] Gen 071/499  |  144.9s elapsed
  Pop feasible: 300/300 (100.0%)  |  NonDom=46  |  BestPenalty=0.00e+00  |  BestNormVio=0
  Best feasible: Cost=1.164e+07↓ Emis=9.475e+09→ Time=428.2h→
========================================================================

========================================================================
  [NSGA-II] Gen 072/499  |  146.9s elapsed
  Pop feasible: 300/300 (100.0%)  |  NonDom=49  |  BestPenalty=0.00e+00  |  BestNormVio=0
  Best feasible: Cost=1.164e+07→ Emis=9.475e+09→ Time=428.2h→
========================================================================

========================================================================
  [NSGA-II] Gen 073/499  |  148.9s elapsed
  Pop feasible: 300/300 (100.0%)  |  NonDom=49  |  BestPenalty=0.00e+00  |  BestNormVio=0
  Best feasible: Cost=1.163e+07↓ Emis=9.475e+09→ Time=428.2h→
========================================================================

========================================================================
  [NSGA-II] Gen 074/499  |  151.0s elapsed
  Pop feasible: 300/300 (100.0%)  |  NonDom=38  |  BestPenalty=0.00e+00  |  BestNormVio=0
  Best feasible: Cost=1.163e+07↓ Emis=9.473e+09↓ Time=428.2h→
========================================================================

========================================================================
  [NSGA-II] Gen 075/499  |  152.9s elapsed
  Pop feasible: 300/300 (100.0%)  |  NonDom=39  |  BestPenalty=0.00e+00  |  BestNormVio=0
  Best feasible: Cost=1.163e+07→ Emis=9.473e+09→ Time=428.2h→
========================================================================

========================================================================
  [NSGA-II] Gen 076/499  |  154.9s elapsed
  Pop feasible: 300/300 (100.0%)  |  NonDom=40  |  BestPenalty=0.00e+00  |  BestNormVio=0
  Best feasible: Cost=1.163e+07→ Emis=9.469e+09↓ Time=428.2h→
========================================================================

========================================================================
  [NSGA-II] Gen 077/499  |  156.8s elapsed
  Pop feasible: 300/300 (100.0%)  |  NonDom=54  |  BestPenalty=0.00e+00  |  BestNormVio=0
  Best feasible: Cost=1.163e+07→ Emis=9.469e+09→ Time=428.2h→
========================================================================

========================================================================
  [NSGA-II] Gen 078/499  |  158.9s elapsed
  Pop feasible: 300/300 (100.0%)  |  NonDom=63  |  BestPenalty=0.00e+00  |  BestNormVio=0
  Best feasible: Cost=1.163e+07→ Emis=9.469e+09→ Time=428.2h→
========================================================================

========================================================================
  [NSGA-II] Gen 079/499  |  160.9s elapsed
  Pop feasible: 300/300 (100.0%)  |  NonDom=69  |  BestPenalty=0.00e+00  |  BestNormVio=0
  Best feasible: Cost=1.163e+07→ Emis=9.469e+09↓ Time=428.2h→
========================================================================

========================================================================
  [NSGA-II] Gen 080/499  |  162.9s elapsed
  Pop feasible: 300/300 (100.0%)  |  NonDom=69  |  BestPenalty=0.00e+00  |  BestNormVio=0
  Best feasible: Cost=1.163e+07→ Emis=9.469e+09→ Time=428.2h→
========================================================================

========================================================================
  [NSGA-II] Gen 081/499  |  164.9s elapsed
  Pop feasible: 300/300 (100.0%)  |  NonDom=74  |  BestPenalty=0.00e+00  |  BestNormVio=0
  Best feasible: Cost=1.163e+07→ Emis=9.469e+09→ Time=428.2h→
========================================================================

========================================================================
  [NSGA-II] Gen 082/499  |  166.8s elapsed
  Pop feasible: 300/300 (100.0%)  |  NonDom=78  |  BestPenalty=0.00e+00  |  BestNormVio=0
  Best feasible: Cost=1.163e+07→ Emis=9.469e+09→ Time=428.2h→
========================================================================

========================================================================
  [NSGA-II] Gen 083/499  |  168.8s elapsed
  Pop feasible: 300/300 (100.0%)  |  NonDom=76  |  BestPenalty=0.00e+00  |  BestNormVio=0
  Best feasible: Cost=1.163e+07→ Emis=9.469e+09→ Time=428.2h→
========================================================================

========================================================================
  [NSGA-II] Gen 084/499  |  170.8s elapsed
  Pop feasible: 300/300 (100.0%)  |  NonDom=82  |  BestPenalty=0.00e+00  |  BestNormVio=0
  Best feasible: Cost=1.163e+07→ Emis=9.469e+09→ Time=428.2h→
========================================================================

========================================================================
  [NSGA-II] Gen 085/499  |  172.8s elapsed
  Pop feasible: 300/300 (100.0%)  |  NonDom=88  |  BestPenalty=0.00e+00  |  BestNormVio=0
  Best feasible: Cost=1.163e+07→ Emis=9.469e+09→ Time=428.2h→
========================================================================

========================================================================
  [NSGA-II] Gen 086/499  |  174.8s elapsed
  Pop feasible: 300/300 (100.0%)  |  NonDom=82  |  BestPenalty=0.00e+00  |  BestNormVio=0
  Best feasible: Cost=1.163e+07→ Emis=9.423e+09↓ Time=428.2h→
========================================================================

========================================================================
  [NSGA-II] Gen 087/499  |  176.8s elapsed
  Pop feasible: 300/300 (100.0%)  |  NonDom=72  |  BestPenalty=0.00e+00  |  BestNormVio=0
  Best feasible: Cost=1.163e+07→ Emis=9.423e+09→ Time=428.2h→
========================================================================

========================================================================
  [NSGA-II] Gen 088/499  |  178.8s elapsed
  Pop feasible: 300/300 (100.0%)  |  NonDom=76  |  BestPenalty=0.00e+00  |  BestNormVio=0
  Best feasible: Cost=1.163e+07↓ Emis=9.423e+09→ Time=428.2h→
========================================================================

========================================================================
  [NSGA-II] Gen 089/499  |  180.8s elapsed
  Pop feasible: 300/300 (100.0%)  |  NonDom=78  |  BestPenalty=0.00e+00  |  BestNormVio=0
  Best feasible: Cost=1.163e+07→ Emis=9.419e+09↓ Time=428.2h→
========================================================================

========================================================================
  [NSGA-II] Gen 090/499  |  182.7s elapsed
  Pop feasible: 300/300 (100.0%)  |  NonDom=86  |  BestPenalty=0.00e+00  |  BestNormVio=0
  Best feasible: Cost=1.163e+07→ Emis=9.419e+09→ Time=428.2h→
========================================================================

========================================================================
  [NSGA-II] Gen 091/499  |  184.7s elapsed
  Pop feasible: 300/300 (100.0%)  |  NonDom=75  |  BestPenalty=0.00e+00  |  BestNormVio=0
  Best feasible: Cost=1.163e+07→ Emis=9.417e+09↓ Time=428.2h→
========================================================================

========================================================================
  [NSGA-II] Gen 092/499  |  186.6s elapsed
  Pop feasible: 300/300 (100.0%)  |  NonDom=69  |  BestPenalty=0.00e+00  |  BestNormVio=0
  Best feasible: Cost=1.163e+07→ Emis=9.417e+09→ Time=428.2h→
========================================================================

========================================================================
  [NSGA-II] Gen 093/499  |  188.7s elapsed
  Pop feasible: 300/300 (100.0%)  |  NonDom=73  |  BestPenalty=0.00e+00  |  BestNormVio=0
  Best feasible: Cost=1.163e+07→ Emis=9.415e+09↓ Time=428.2h→
========================================================================

========================================================================
  [NSGA-II] Gen 094/499  |  190.6s elapsed
  Pop feasible: 300/300 (100.0%)  |  NonDom=80  |  BestPenalty=0.00e+00  |  BestNormVio=0
  Best feasible: Cost=1.162e+07↓ Emis=9.415e+09→ Time=428.2h→
========================================================================

========================================================================
  [NSGA-II] Gen 095/499  |  192.6s elapsed
  Pop feasible: 300/300 (100.0%)  |  NonDom=84  |  BestPenalty=0.00e+00  |  BestNormVio=0
  Best feasible: Cost=1.162e+07→ Emis=9.415e+09→ Time=428.2h→
========================================================================

========================================================================
  [NSGA-II] Gen 096/499  |  194.5s elapsed
  Pop feasible: 300/300 (100.0%)  |  NonDom=75  |  BestPenalty=0.00e+00  |  BestNormVio=0
  Best feasible: Cost=1.162e+07→ Emis=9.414e+09↓ Time=428.2h→
========================================================================

========================================================================
  [NSGA-II] Gen 097/499  |  196.5s elapsed
  Pop feasible: 300/300 (100.0%)  |  NonDom=72  |  BestPenalty=0.00e+00  |  BestNormVio=0
  Best feasible: Cost=1.162e+07→ Emis=9.414e+09→ Time=428.2h→
========================================================================

========================================================================
  [NSGA-II] Gen 098/499  |  198.5s elapsed
  Pop feasible: 300/300 (100.0%)  |  NonDom=69  |  BestPenalty=0.00e+00  |  BestNormVio=0
  Best feasible: Cost=1.162e+07↓ Emis=9.406e+09↓ Time=428.2h→
========================================================================

========================================================================
  [NSGA-II] Gen 099/499  |  200.5s elapsed
  Pop feasible: 300/300 (100.0%)  |  NonDom=73  |  BestPenalty=0.00e+00  |  BestNormVio=0
  Best feasible: Cost=1.161e+07↓ Emis=9.406e+09→ Time=428.2h→
========================================================================

========================================================================
  [NSGA-II] Gen 100/499  |  202.5s elapsed
  Pop feasible: 300/300 (100.0%)  |  NonDom=72  |  BestPenalty=0.00e+00  |  BestNormVio=0
  Best feasible: Cost=1.161e+07→ Emis=9.406e+09→ Time=428.2h→
========================================================================

========================================================================
  [NSGA-II] Gen 101/499  |  204.5s elapsed
  Pop feasible: 300/300 (100.0%)  |  NonDom=53  |  BestPenalty=0.00e+00  |  BestNormVio=0
  Best feasible: Cost=1.160e+07↓ Emis=9.406e+09→ Time=428.2h→
========================================================================

========================================================================
  [NSGA-II] Gen 102/499  |  206.4s elapsed
  Pop feasible: 300/300 (100.0%)  |  NonDom=38  |  BestPenalty=0.00e+00  |  BestNormVio=0
  Best feasible: Cost=1.160e+07→ Emis=9.406e+09→ Time=428.2h→
========================================================================

========================================================================
  [NSGA-II] Gen 103/499  |  208.4s elapsed
  Pop feasible: 300/300 (100.0%)  |  NonDom=54  |  BestPenalty=0.00e+00  |  BestNormVio=0
  Best feasible: Cost=1.160e+07↓ Emis=9.406e+09→ Time=428.2h→
========================================================================

========================================================================
  [NSGA-II] Gen 104/499  |  210.3s elapsed
  Pop feasible: 300/300 (100.0%)  |  NonDom=74  |  BestPenalty=0.00e+00  |  BestNormVio=0
  Best feasible: Cost=1.159e+07↓ Emis=9.406e+09→ Time=428.2h→
========================================================================

========================================================================
  [NSGA-II] Gen 105/499  |  212.3s elapsed
  Pop feasible: 300/300 (100.0%)  |  NonDom=93  |  BestPenalty=0.00e+00  |  BestNormVio=0
  Best feasible: Cost=1.159e+07↓ Emis=9.406e+09→ Time=428.2h→
========================================================================

========================================================================
  [NSGA-II] Gen 106/499  |  214.3s elapsed
  Pop feasible: 300/300 (100.0%)  |  NonDom=108  |  BestPenalty=0.00e+00  |  BestNormVio=0
  Best feasible: Cost=1.159e+07→ Emis=9.400e+09↓ Time=428.2h→
========================================================================

========================================================================
  [NSGA-II] Gen 107/499  |  216.3s elapsed
  Pop feasible: 300/300 (100.0%)  |  NonDom=120  |  BestPenalty=0.00e+00  |  BestNormVio=0
  Best feasible: Cost=1.159e+07→ Emis=9.400e+09→ Time=428.2h→
========================================================================

========================================================================
  [NSGA-II] Gen 108/499  |  218.3s elapsed
  Pop feasible: 300/300 (100.0%)  |  NonDom=140  |  BestPenalty=0.00e+00  |  BestNormVio=0
  Best feasible: Cost=1.159e+07↓ Emis=9.400e+09→ Time=428.2h→
========================================================================

========================================================================
  [NSGA-II] Gen 109/499  |  220.1s elapsed
  Pop feasible: 300/300 (100.0%)  |  NonDom=135  |  BestPenalty=0.00e+00  |  BestNormVio=0
  Best feasible: Cost=1.159e+07→ Emis=9.400e+09→ Time=428.2h→
========================================================================

========================================================================
  [NSGA-II] Gen 110/499  |  222.1s elapsed
  Pop feasible: 300/300 (100.0%)  |  NonDom=149  |  BestPenalty=0.00e+00  |  BestNormVio=0
  Best feasible: Cost=1.159e+07→ Emis=9.400e+09→ Time=428.2h→
========================================================================

========================================================================
  [NSGA-II] Gen 111/499  |  224.1s elapsed
  Pop feasible: 300/300 (100.0%)  |  NonDom=165  |  BestPenalty=0.00e+00  |  BestNormVio=0
  Best feasible: Cost=1.159e+07→ Emis=9.400e+09→ Time=428.2h→
========================================================================

========================================================================
  [NSGA-II] Gen 112/499  |  226.1s elapsed
  Pop feasible: 300/300 (100.0%)  |  NonDom=170  |  BestPenalty=0.00e+00  |  BestNormVio=0
  Best feasible: Cost=1.159e+07→ Emis=9.400e+09→ Time=428.2h→
========================================================================

========================================================================
  [NSGA-II] Gen 113/499  |  228.1s elapsed
  Pop feasible: 300/300 (100.0%)  |  NonDom=169  |  BestPenalty=0.00e+00  |  BestNormVio=0
  Best feasible: Cost=1.159e+07→ Emis=9.400e+09→ Time=428.2h→
========================================================================

========================================================================
  [NSGA-II] Gen 114/499  |  230.1s elapsed
  Pop feasible: 300/300 (100.0%)  |  NonDom=145  |  BestPenalty=0.00e+00  |  BestNormVio=0
  Best feasible: Cost=1.158e+07↓ Emis=9.400e+09→ Time=428.2h→
========================================================================

========================================================================
  [NSGA-II] Gen 115/499  |  232.1s elapsed
  Pop feasible: 300/300 (100.0%)  |  NonDom=139  |  BestPenalty=0.00e+00  |  BestNormVio=0
  Best feasible: Cost=1.158e+07→ Emis=9.400e+09→ Time=428.2h→
========================================================================

========================================================================
  [NSGA-II] Gen 116/499  |  234.0s elapsed
  Pop feasible: 300/300 (100.0%)  |  NonDom=124  |  BestPenalty=0.00e+00  |  BestNormVio=0
  Best feasible: Cost=1.158e+07→ Emis=9.400e+09↓ Time=428.2h→
========================================================================

========================================================================
  [NSGA-II] Gen 117/499  |  236.0s elapsed
  Pop feasible: 300/300 (100.0%)  |  NonDom=91  |  BestPenalty=0.00e+00  |  BestNormVio=0
  Best feasible: Cost=1.158e+07→ Emis=9.400e+09→ Time=428.2h→
========================================================================

========================================================================
  [NSGA-II] Gen 118/499  |  238.1s elapsed
  Pop feasible: 300/300 (100.0%)  |  NonDom=85  |  BestPenalty=0.00e+00  |  BestNormVio=0
  Best feasible: Cost=1.157e+07↓ Emis=9.400e+09→ Time=428.2h→
========================================================================

========================================================================
  [NSGA-II] Gen 119/499  |  240.1s elapsed
  Pop feasible: 300/300 (100.0%)  |  NonDom=87  |  BestPenalty=0.00e+00  |  BestNormVio=0
  Best feasible: Cost=1.157e+07→ Emis=9.390e+09↓ Time=428.2h→
========================================================================

========================================================================
  [NSGA-II] Gen 120/499  |  242.0s elapsed
  Pop feasible: 300/300 (100.0%)  |  NonDom=85  |  BestPenalty=0.00e+00  |  BestNormVio=0
  Best feasible: Cost=1.157e+07→ Emis=9.390e+09→ Time=428.2h→
========================================================================

========================================================================
  [NSGA-II] Gen 121/499  |  244.1s elapsed
  Pop feasible: 300/300 (100.0%)  |  NonDom=88  |  BestPenalty=0.00e+00  |  BestNormVio=0
  Best feasible: Cost=1.157e+07↓ Emis=9.390e+09→ Time=428.2h→
========================================================================

========================================================================
  [NSGA-II] Gen 122/499  |  246.0s elapsed
  Pop feasible: 300/300 (100.0%)  |  NonDom=93  |  BestPenalty=0.00e+00  |  BestNormVio=0
  Best feasible: Cost=1.157e+07↓ Emis=9.390e+09→ Time=428.2h→
========================================================================

========================================================================
  [NSGA-II] Gen 123/499  |  248.0s elapsed
  Pop feasible: 300/300 (100.0%)  |  NonDom=107  |  BestPenalty=0.00e+00  |  BestNormVio=0
  Best feasible: Cost=1.157e+07→ Emis=9.390e+09→ Time=428.2h→
========================================================================

========================================================================
  [NSGA-II] Gen 124/499  |  249.9s elapsed
  Pop feasible: 300/300 (100.0%)  |  NonDom=111  |  BestPenalty=0.00e+00  |  BestNormVio=0
  Best feasible: Cost=1.157e+07→ Emis=9.390e+09→ Time=428.2h→
========================================================================

========================================================================
  [NSGA-II] Gen 125/499  |  251.9s elapsed
  Pop feasible: 300/300 (100.0%)  |  NonDom=127  |  BestPenalty=0.00e+00  |  BestNormVio=0
  Best feasible: Cost=1.157e+07→ Emis=9.390e+09→ Time=428.2h→
========================================================================

========================================================================
  [NSGA-II] Gen 126/499  |  253.9s elapsed
  Pop feasible: 300/300 (100.0%)  |  NonDom=148  |  BestPenalty=0.00e+00  |  BestNormVio=0
  Best feasible: Cost=1.157e+07→ Emis=9.390e+09→ Time=428.2h→
========================================================================

========================================================================
  [NSGA-II] Gen 127/499  |  255.9s elapsed
  Pop feasible: 300/300 (100.0%)  |  NonDom=151  |  BestPenalty=0.00e+00  |  BestNormVio=0
  Best feasible: Cost=1.157e+07→ Emis=9.389e+09↓ Time=428.2h→
========================================================================

========================================================================
  [NSGA-II] Gen 128/499  |  257.8s elapsed
  Pop feasible: 300/300 (100.0%)  |  NonDom=157  |  BestPenalty=0.00e+00  |  BestNormVio=0
  Best feasible: Cost=1.157e+07→ Emis=9.389e+09→ Time=428.2h→
========================================================================

========================================================================
  [NSGA-II] Gen 129/499  |  259.9s elapsed
  Pop feasible: 300/300 (100.0%)  |  NonDom=165  |  BestPenalty=0.00e+00  |  BestNormVio=0
  Best feasible: Cost=1.157e+07→ Emis=9.389e+09→ Time=428.2h→
========================================================================

========================================================================
  [NSGA-II] Gen 130/499  |  261.8s elapsed
  Pop feasible: 300/300 (100.0%)  |  NonDom=169  |  BestPenalty=0.00e+00  |  BestNormVio=0
  Best feasible: Cost=1.157e+07→ Emis=9.389e+09→ Time=428.2h→
========================================================================

========================================================================
  [NSGA-II] Gen 131/499  |  263.8s elapsed
  Pop feasible: 300/300 (100.0%)  |  NonDom=186  |  BestPenalty=0.00e+00  |  BestNormVio=0
  Best feasible: Cost=1.157e+07→ Emis=9.389e+09→ Time=428.2h→
========================================================================

========================================================================
  [NSGA-II] Gen 132/499  |  265.7s elapsed
  Pop feasible: 300/300 (100.0%)  |  NonDom=197  |  BestPenalty=0.00e+00  |  BestNormVio=0
  Best feasible: Cost=1.157e+07↓ Emis=9.389e+09→ Time=428.2h→
========================================================================

========================================================================
  [NSGA-II] Gen 133/499  |  267.6s elapsed
  Pop feasible: 300/300 (100.0%)  |  NonDom=214  |  BestPenalty=0.00e+00  |  BestNormVio=0
  Best feasible: Cost=1.157e+07→ Emis=9.389e+09→ Time=428.2h→
========================================================================

========================================================================
  [NSGA-II] Gen 134/499  |  269.6s elapsed
  Pop feasible: 300/300 (100.0%)  |  NonDom=216  |  BestPenalty=0.00e+00  |  BestNormVio=0
  Best feasible: Cost=1.157e+07→ Emis=9.389e+09→ Time=428.2h→
========================================================================

========================================================================
  [NSGA-II] Gen 135/499  |  271.6s elapsed
  Pop feasible: 300/300 (100.0%)  |  NonDom=216  |  BestPenalty=0.00e+00  |  BestNormVio=0
  Best feasible: Cost=1.157e+07→ Emis=9.389e+09→ Time=428.2h→
========================================================================

========================================================================
  [NSGA-II] Gen 136/499  |  273.6s elapsed
  Pop feasible: 300/300 (100.0%)  |  NonDom=221  |  BestPenalty=0.00e+00  |  BestNormVio=0
  Best feasible: Cost=1.157e+07→ Emis=9.389e+09→ Time=428.2h→
========================================================================

========================================================================
  [NSGA-II] Gen 137/499  |  275.6s elapsed
  Pop feasible: 300/300 (100.0%)  |  NonDom=229  |  BestPenalty=0.00e+00  |  BestNormVio=0
  Best feasible: Cost=1.157e+07→ Emis=9.389e+09→ Time=428.2h→
========================================================================

========================================================================
  [NSGA-II] Gen 138/499  |  277.6s elapsed
  Pop feasible: 300/300 (100.0%)  |  NonDom=231  |  BestPenalty=0.00e+00  |  BestNormVio=0
  Best feasible: Cost=1.157e+07→ Emis=9.389e+09→ Time=428.2h→
========================================================================

========================================================================
  [NSGA-II] Gen 139/499  |  279.6s elapsed
  Pop feasible: 300/300 (100.0%)  |  NonDom=232  |  BestPenalty=0.00e+00  |  BestNormVio=0
  Best feasible: Cost=1.157e+07→ Emis=9.389e+09→ Time=428.2h→
========================================================================

========================================================================
  [NSGA-II] Gen 140/499  |  281.6s elapsed
  Pop feasible: 300/300 (100.0%)  |  NonDom=233  |  BestPenalty=0.00e+00  |  BestNormVio=0
  Best feasible: Cost=1.157e+07→ Emis=9.389e+09→ Time=428.2h→
========================================================================

========================================================================
  [NSGA-II] Gen 141/499  |  283.5s elapsed
  Pop feasible: 300/300 (100.0%)  |  NonDom=238  |  BestPenalty=0.00e+00  |  BestNormVio=0
  Best feasible: Cost=1.157e+07→ Emis=9.389e+09→ Time=428.1h↓
========================================================================

========================================================================
  [NSGA-II] Gen 142/499  |  285.4s elapsed
  Pop feasible: 300/300 (100.0%)  |  NonDom=249  |  BestPenalty=0.00e+00  |  BestNormVio=0
  Best feasible: Cost=1.157e+07→ Emis=9.389e+09→ Time=428.1h→
========================================================================

========================================================================
  [NSGA-II] Gen 143/499  |  287.5s elapsed
  Pop feasible: 300/300 (100.0%)  |  NonDom=245  |  BestPenalty=0.00e+00  |  BestNormVio=0
  Best feasible: Cost=1.157e+07→ Emis=9.389e+09→ Time=428.1h→
========================================================================

========================================================================
  [NSGA-II] Gen 144/499  |  289.4s elapsed
  Pop feasible: 300/300 (100.0%)  |  NonDom=243  |  BestPenalty=0.00e+00  |  BestNormVio=0
  Best feasible: Cost=1.157e+07→ Emis=9.389e+09→ Time=428.1h→
========================================================================

========================================================================
  [NSGA-II] Gen 145/499  |  291.4s elapsed
  Pop feasible: 300/300 (100.0%)  |  NonDom=238  |  BestPenalty=0.00e+00  |  BestNormVio=0
  Best feasible: Cost=1.157e+07→ Emis=9.389e+09→ Time=428.1h→
========================================================================

========================================================================
  [NSGA-II] Gen 146/499  |  293.3s elapsed
  Pop feasible: 300/300 (100.0%)  |  NonDom=238  |  BestPenalty=0.00e+00  |  BestNormVio=0
  Best feasible: Cost=1.157e+07→ Emis=9.389e+09→ Time=428.1h→
========================================================================

========================================================================
  [NSGA-II] Gen 147/499  |  295.3s elapsed
  Pop feasible: 300/300 (100.0%)  |  NonDom=237  |  BestPenalty=0.00e+00  |  BestNormVio=0
  Best feasible: Cost=1.155e+07↓ Emis=9.389e+09→ Time=428.1h→
========================================================================

========================================================================
  [NSGA-II] Gen 148/499  |  297.3s elapsed
  Pop feasible: 300/300 (100.0%)  |  NonDom=235  |  BestPenalty=0.00e+00  |  BestNormVio=0
  Best feasible: Cost=1.155e+07→ Emis=9.389e+09→ Time=428.1h→
========================================================================

========================================================================
  [NSGA-II] Gen 149/499  |  299.3s elapsed
  Pop feasible: 300/300 (100.0%)  |  NonDom=235  |  BestPenalty=0.00e+00  |  BestNormVio=0
  Best feasible: Cost=1.155e+07→ Emis=9.389e+09→ Time=428.1h→
========================================================================

========================================================================
  [NSGA-II] Gen 150/499  |  301.2s elapsed
  Pop feasible: 300/300 (100.0%)  |  NonDom=236  |  BestPenalty=0.00e+00  |  BestNormVio=0
  Best feasible: Cost=1.154e+07↓ Emis=9.383e+09↓ Time=428.1h→
========================================================================

========================================================================
  [NSGA-II] Gen 151/499  |  303.2s elapsed
  Pop feasible: 300/300 (100.0%)  |  NonDom=241  |  BestPenalty=0.00e+00  |  BestNormVio=0
  Best feasible: Cost=1.154e+07→ Emis=9.383e+09→ Time=426.5h↓
========================================================================

========================================================================
  [NSGA-II] Gen 152/499  |  305.1s elapsed
  Pop feasible: 300/300 (100.0%)  |  NonDom=245  |  BestPenalty=0.00e+00  |  BestNormVio=0
  Best feasible: Cost=1.154e+07→ Emis=9.383e+09→ Time=426.5h→
========================================================================

========================================================================
  [NSGA-II] Gen 153/499  |  307.1s elapsed
  Pop feasible: 300/300 (100.0%)  |  NonDom=246  |  BestPenalty=0.00e+00  |  BestNormVio=0
  Best feasible: Cost=1.154e+07→ Emis=9.383e+09→ Time=426.5h→
========================================================================

========================================================================
  [NSGA-II] Gen 154/499  |  309.1s elapsed
  Pop feasible: 300/300 (100.0%)  |  NonDom=244  |  BestPenalty=0.00e+00  |  BestNormVio=0
  Best feasible: Cost=1.154e+07→ Emis=9.383e+09→ Time=426.5h→
========================================================================

========================================================================
  [NSGA-II] Gen 155/499  |  311.1s elapsed
  Pop feasible: 300/300 (100.0%)  |  NonDom=247  |  BestPenalty=0.00e+00  |  BestNormVio=0
  Best feasible: Cost=1.154e+07→ Emis=9.383e+09→ Time=426.5h→
========================================================================

========================================================================
  [NSGA-II] Gen 156/499  |  313.0s elapsed
  Pop feasible: 300/300 (100.0%)  |  NonDom=247  |  BestPenalty=0.00e+00  |  BestNormVio=0
  Best feasible: Cost=1.154e+07→ Emis=9.383e+09→ Time=426.5h→
========================================================================

========================================================================
  [NSGA-II] Gen 157/499  |  314.9s elapsed
  Pop feasible: 300/300 (100.0%)  |  NonDom=246  |  BestPenalty=0.00e+00  |  BestNormVio=0
  Best feasible: Cost=1.154e+07→ Emis=9.383e+09→ Time=426.5h→
========================================================================

========================================================================
  [NSGA-II] Gen 158/499  |  316.9s elapsed
  Pop feasible: 300/300 (100.0%)  |  NonDom=248  |  BestPenalty=0.00e+00  |  BestNormVio=0
  Best feasible: Cost=1.154e+07→ Emis=9.382e+09↓ Time=426.5h→
========================================================================

========================================================================
  [NSGA-II] Gen 159/499  |  318.9s elapsed
  Pop feasible: 300/300 (100.0%)  |  NonDom=250  |  BestPenalty=0.00e+00  |  BestNormVio=0
  Best feasible: Cost=1.154e+07→ Emis=9.382e+09→ Time=426.5h→
========================================================================

========================================================================
  [NSGA-II] Gen 160/499  |  320.9s elapsed
  Pop feasible: 300/300 (100.0%)  |  NonDom=256  |  BestPenalty=0.00e+00  |  BestNormVio=0
  Best feasible: Cost=1.154e+07↓ Emis=9.382e+09→ Time=426.5h→
========================================================================

========================================================================
  [NSGA-II] Gen 161/499  |  322.9s elapsed
  Pop feasible: 300/300 (100.0%)  |  NonDom=251  |  BestPenalty=0.00e+00  |  BestNormVio=0
  Best feasible: Cost=1.154e+07→ Emis=9.382e+09→ Time=426.5h→
========================================================================

========================================================================
  [NSGA-II] Gen 162/499  |  324.9s elapsed
  Pop feasible: 300/300 (100.0%)  |  NonDom=250  |  BestPenalty=0.00e+00  |  BestNormVio=0
  Best feasible: Cost=1.153e+07↓ Emis=9.382e+09→ Time=426.5h→
========================================================================

========================================================================
  [NSGA-II] Gen 163/499  |  326.9s elapsed
  Pop feasible: 300/300 (100.0%)  |  NonDom=245  |  BestPenalty=0.00e+00  |  BestNormVio=0
  Best feasible: Cost=1.153e+07→ Emis=9.382e+09→ Time=426.5h→
========================================================================

========================================================================
  [NSGA-II] Gen 164/499  |  328.7s elapsed
  Pop feasible: 300/300 (100.0%)  |  NonDom=250  |  BestPenalty=0.00e+00  |  BestNormVio=0
  Best feasible: Cost=1.153e+07→ Emis=9.382e+09→ Time=426.5h→
========================================================================

========================================================================
  [NSGA-II] Gen 165/499  |  330.6s elapsed
  Pop feasible: 300/300 (100.0%)  |  NonDom=245  |  BestPenalty=0.00e+00  |  BestNormVio=0
  Best feasible: Cost=1.153e+07→ Emis=9.382e+09→ Time=426.5h→
========================================================================

========================================================================
  [NSGA-II] Gen 166/499  |  332.6s elapsed
  Pop feasible: 300/300 (100.0%)  |  NonDom=247  |  BestPenalty=0.00e+00  |  BestNormVio=0
  Best feasible: Cost=1.153e+07→ Emis=9.382e+09→ Time=426.5h→
========================================================================

========================================================================
  [NSGA-II] Gen 167/499  |  334.6s elapsed
  Pop feasible: 300/300 (100.0%)  |  NonDom=253  |  BestPenalty=0.00e+00  |  BestNormVio=0
  Best feasible: Cost=1.153e+07↓ Emis=9.382e+09→ Time=426.5h→
========================================================================

========================================================================
  [NSGA-II] Gen 168/499  |  336.6s elapsed
  Pop feasible: 300/300 (100.0%)  |  NonDom=258  |  BestPenalty=0.00e+00  |  BestNormVio=0
  Best feasible: Cost=1.153e+07→ Emis=9.382e+09→ Time=426.5h→
========================================================================

========================================================================
  [NSGA-II] Gen 169/499  |  338.5s elapsed
  Pop feasible: 300/300 (100.0%)  |  NonDom=257  |  BestPenalty=0.00e+00  |  BestNormVio=0
  Best feasible: Cost=1.153e+07→ Emis=9.382e+09→ Time=426.5h→
========================================================================

========================================================================
  [NSGA-II] Gen 170/499  |  340.5s elapsed
  Pop feasible: 300/300 (100.0%)  |  NonDom=262  |  BestPenalty=0.00e+00  |  BestNormVio=0
  Best feasible: Cost=1.153e+07→ Emis=9.382e+09→ Time=426.5h→
========================================================================

========================================================================
  [NSGA-II] Gen 171/499  |  342.6s elapsed
  Pop feasible: 300/300 (100.0%)  |  NonDom=268  |  BestPenalty=0.00e+00  |  BestNormVio=0
  Best feasible: Cost=1.153e+07→ Emis=9.382e+09→ Time=426.5h→
========================================================================

========================================================================
  [NSGA-II] Gen 172/499  |  344.5s elapsed
  Pop feasible: 300/300 (100.0%)  |  NonDom=263  |  BestPenalty=0.00e+00  |  BestNormVio=0
  Best feasible: Cost=1.153e+07→ Emis=9.382e+09→ Time=426.5h→
========================================================================

========================================================================
  [NSGA-II] Gen 173/499  |  346.5s elapsed
  Pop feasible: 300/300 (100.0%)  |  NonDom=264  |  BestPenalty=0.00e+00  |  BestNormVio=0
  Best feasible: Cost=1.153e+07→ Emis=9.382e+09→ Time=426.5h→
========================================================================

========================================================================
  [NSGA-II] Gen 174/499  |  348.4s elapsed
  Pop feasible: 300/300 (100.0%)  |  NonDom=265  |  BestPenalty=0.00e+00  |  BestNormVio=0
  Best feasible: Cost=1.153e+07→ Emis=9.381e+09↓ Time=426.5h→
========================================================================

========================================================================
  [NSGA-II] Gen 175/499  |  350.4s elapsed
  Pop feasible: 300/300 (100.0%)  |  NonDom=264  |  BestPenalty=0.00e+00  |  BestNormVio=0
  Best feasible: Cost=1.153e+07→ Emis=9.381e+09→ Time=426.5h→
========================================================================

========================================================================
  [NSGA-II] Gen 176/499  |  352.4s elapsed
  Pop feasible: 300/300 (100.0%)  |  NonDom=263  |  BestPenalty=0.00e+00  |  BestNormVio=0
  Best feasible: Cost=1.153e+07→ Emis=9.381e+09→ Time=426.5h→
========================================================================

========================================================================
  [NSGA-II] Gen 177/499  |  354.3s elapsed
  Pop feasible: 300/300 (100.0%)  |  NonDom=263  |  BestPenalty=0.00e+00  |  BestNormVio=0
  Best feasible: Cost=1.153e+07→ Emis=9.381e+09→ Time=426.5h→
========================================================================
